eeschema (2013-07-07 BZR 4022)-stable  >> Creation date: 1/2/2014 12:14:47 AM
#Cmp ( order = Reference )
| BT1        BATTERY     
| D1         LED         
| D2         LED         
| D3         DIODE       
| D4         DIODE       
| K1         CONN_3      
| K2         CONN_3      
| K3         CONN_3      
| K4         CONN_3      
| M1         CONN_2      
| M2         CONN_2      
| Q1         NPN         
| Q2         NPN         
| R1         10k         
| R2         100         
| R3         10k         
| R4         100         
| RV1        10k         
| RV2        10k         
| SW1        SPST        
| U1         PHOTODIODE  
| U2         PHOTODIODE  
| U3         7805        
#End Cmp

#Cmp ( order = Value )
| BATTERY      BT1       
| LED          D1        
| LED          D2        
| DIODE        D3        
| DIODE        D4        
| CONN_3       K1        
| CONN_3       K2        
| CONN_3       K3        
| CONN_3       K4        
| CONN_2       M1        
| CONN_2       M2        
| NPN          Q1        
| NPN          Q2        
| 100          R2        
| 100          R4        
| 10k          R1        
| 10k          R3        
| 10k          RV1       
| 10k          RV2       
| SPST         SW1       
| 7805         U3        
| PHOTODIODE   U1        
| PHOTODIODE   U2        
#End Cmp

#End List
